#
# There is insufficient memory for the Java Runtime Environment to continue.
# Native memory allocation (mmap) failed to map 266338304 bytes. Error detail: G1 virtual space
# Possible reasons:
#   The system is out of physical RAM or swap space
#   This process is running with CompressedOops enabled, and the Java Heap may be blocking the growth of the native heap
# Possible solutions:
#   Reduce memory load on the system
#   Increase physical memory or swap space
#   Check if swap backing store is full
#   Decrease Java heap size (-Xmx/-Xms)
#   Decrease number of Java threads
#   Decrease Java thread stack sizes (-Xss)
#   Set larger code cache with -XX:ReservedCodeCacheSize=
#   JVM is running with Zero Based Compressed Oops mode in which the Java heap is
#     placed in the first 32GB address space. The Java Heap base address is the
#     maximum limit for the native heap growth. Please use -XX:HeapBaseMinAddress
#     to set the Java Heap base and to place the Java Heap above 32GB virtual address.
# This output file may be truncated or incomplete.
#
#  Out of Memory Error (os_windows.cpp:3631), pid=19536, tid=12716
#
# JRE version:  (22.0.2+9) (build )
# Java VM: Java HotSpot(TM) 64-Bit Server VM (22.0.2+9-70, mixed mode, sharing, tiered, compressed oops, compressed class ptrs, g1 gc, windows-amd64)
# No core dump will be written. Minidumps are not enabled by default on client versions of Windows
#

---------------  S U M M A R Y ------------

Command Line: -XX:+ShowCodeDetailsInExceptionMessages practise

Host: Intel(R) Core(TM) i7-8650U CPU @ 1.90GHz, 8 cores, 15G,  Windows 11 , 64 bit Build 22621 (10.0.22621.3958)
Time: Thu Jul 17 16:24:22 2025 India Standard Time elapsed time: 0.015677 seconds (0d 0h 0m 0s)

---------------  T H R E A D  ---------------

Current thread (0x000001eafa9a9820):  JavaThread "Unknown thread" [_thread_in_vm, id=12716, stack(0x00000077d9400000,0x00000077d9500000) (1024K)]

Stack: [0x00000077d9400000,0x00000077d9500000]
Native frames: (J=compiled Java code, j=interpreted, Vv=VM code, C=native code)
V  [jvm.dll+0x6e26e9]  (no source info available)
V  [jvm.dll+0x875753]  (no source info available)
V  [jvm.dll+0x877b7e]  (no source info available)
V  [jvm.dll+0x878253]  (no source info available)
V  [jvm.dll+0x27fc86]  (no source info available)
V  [jvm.dll+0x6ded85]  (no source info available)
V  [jvm.dll+0x6d388a]  (no source info available)
V  [jvm.dll+0x358b8a]  (no source info available)
V  [jvm.dll+0x3610b6]  (no source info available)
V  [jvm.dll+0x3b419e]  (no source info available)
V  [jvm.dll+0x3b4448]  (no source info available)
V  [jvm.dll+0x32c5ec]  (no source info available)
V  [jvm.dll+0x32d258]  (no source info available)
V  [jvm.dll+0x83d5ac]  (no source info available)
V  [jvm.dll+0x3c10d1]  (no source info available)
V  [jvm.dll+0x8264cc]  (no source info available)
V  [jvm.dll+0x45bd5e]  (no source info available)
V  [jvm.dll+0x45dbe1]  (no source info available)
C  [jli.dll+0x52a3]  (no source info available)
C  [ucrtbase.dll+0x29333]  (no source info available)
C  [KERNEL32.DLL+0x1257d]  (no source info available)
C  [ntdll.dll+0x5af28]  (no source info available)


---------------  P R O C E S S  ---------------

Threads class SMR info:
_java_thread_list=0x00007ffde54dc1c8, length=0, elements={
}

Java Threads: ( => current thread )
Total: 0

Other Threads:
  0x000001eafaa12d80 WorkerThread "GC Thread#0"                     [id=19724, stack(0x00000077d9500000,0x00000077d9600000) (1024K)]
  0x000001eafaa23ca0 ConcurrentGCThread "G1 Main Marker"            [id=4740, stack(0x00000077d9600000,0x00000077d9700000) (1024K)]
  0x000001eafaa257c0 WorkerThread "G1 Conc#0"                       [id=17440, stack(0x00000077d9700000,0x00000077d9800000) (1024K)]

[error occurred during error reporting (printing all threads), id 0xc0000005, EXCEPTION_ACCESS_VIOLATION (0xc0000005) at pc=0x00007ffde4c2f517]
VM state: not at safepoint (not fully initialized)

VM Mutex/Monitor currently owned by a thread:  ([mutex/lock_event])
[0x00007ffde555cc80] Heap_lock - owner thread: 0x000001eafa9a9820

Heap address: 0x0000000702800000, size: 4056 MB, Compressed Oops mode: Zero based, Oop shift amount: 3

CDS archive(s) mapped at: [0x0000000000000000-0x0000000000000000-0x0000000000000000), size 0, SharedBaseAddress: 0x0000000800000000, ArchiveRelocationMode: 1.
Narrow klass base: 0x0000000000000000, Narrow klass shift: 0, Narrow klass range: 0x0

GC Precious Log:
 CardTable entry size: 512
 Card Set container configuration: InlinePtr #cards 4 size 8 Array Of Cards #cards 16 size 48 Howl #buckets 8 coarsen threshold 3686 Howl Bitmap #cards 512 size 80 coarsen threshold 460 Card regions per heap region 1 cards per card region 4096

Heap:
 garbage-first heap   total reserved 4153344K, committed 0K, used 0K [0x0000000702800000, 0x0000000800000000)
  region size 2048K, 0 young (0K), 0 survivors (0K)

[error occurred during error reporting (printing heap information), id 0xc0000005, EXCEPTION_ACCESS_VIOLATION (0xc0000005) at pc=0x00007ffde502e869]
GC Heap History (0 events):
No events

Dll operation events (1 events):
Event: 0.009 Loaded shared library C:\Program Files\Java\Oracle_JDK-22\bin\java.dll

Deoptimization events (0 events):
No events

Classes loaded (0 events):
No events

Classes unloaded (0 events):
No events

Classes redefined (0 events):
No events

Internal exceptions (0 events):
No events

ZGC Phase Switch (0 events):
No events

VM Operations (0 events):
No events

Memory protections (0 events):
No events

Nmethod flushes (0 events):
No events

Events (0 events):
No events


Dynamic libraries:
0x00007ff7a0f10000 - 0x00007ff7a0f20000 	C:\Program Files\Java\Oracle_JDK-22\bin\java.exe
0x00007ffe59c90000 - 0x00007ffe59ea7000 	C:\WINDOWS\SYSTEM32\ntdll.dll
0x00007ffe582e0000 - 0x00007ffe583a4000 	C:\WINDOWS\System32\KERNEL32.DLL
0x00007ffe57330000 - 0x00007ffe576dd000 	C:\WINDOWS\System32\KERNELBASE.dll
0x00007ffe57120000 - 0x00007ffe57231000 	C:\WINDOWS\System32\ucrtbase.dll
0x00007ffe4e250000 - 0x00007ffe4e267000 	C:\Program Files\Java\Oracle_JDK-22\bin\jli.dll
0x00007ffe4c920000 - 0x00007ffe4c93b000 	C:\Program Files\Java\Oracle_JDK-22\bin\VCRUNTIME140.dll
0x00007ffe58130000 - 0x00007ffe582de000 	C:\WINDOWS\System32\USER32.dll
0x00007ffe57240000 - 0x00007ffe57266000 	C:\WINDOWS\System32\win32u.dll
0x00007ffe42030000 - 0x00007ffe422c3000 	C:\WINDOWS\WinSxS\amd64_microsoft.windows.common-controls_6595b64144ccf1df_6.0.22621.3672_none_2713b9d173822955\COMCTL32.dll
0x00007ffe57c40000 - 0x00007ffe57c69000 	C:\WINDOWS\System32\GDI32.dll
0x00007ffe578a0000 - 0x00007ffe579b9000 	C:\WINDOWS\System32\gdi32full.dll
0x00007ffe57a20000 - 0x00007ffe57ac7000 	C:\WINDOWS\System32\msvcrt.dll
0x00007ffe57750000 - 0x00007ffe577ea000 	C:\WINDOWS\System32\msvcp_win.dll
0x00007ffe579e0000 - 0x00007ffe57a11000 	C:\WINDOWS\System32\IMM32.DLL
0x00007ffe4c910000 - 0x00007ffe4c91c000 	C:\Program Files\Java\Oracle_JDK-22\bin\vcruntime140_1.dll
0x00007ffde4530000 - 0x00007ffde45be000 	C:\Program Files\Java\Oracle_JDK-22\bin\msvcp140.dll
0x00007ffde48f0000 - 0x00007ffde5639000 	C:\Program Files\Java\Oracle_JDK-22\bin\server\jvm.dll
0x00007ffe58a00000 - 0x00007ffe58ab2000 	C:\WINDOWS\System32\ADVAPI32.dll
0x00007ffe58080000 - 0x00007ffe58129000 	C:\WINDOWS\System32\sechost.dll
0x00007ffe577f0000 - 0x00007ffe57818000 	C:\WINDOWS\System32\bcrypt.dll
0x00007ffe59690000 - 0x00007ffe597a4000 	C:\WINDOWS\System32\RPCRT4.dll
0x00007ffe588c0000 - 0x00007ffe58931000 	C:\WINDOWS\System32\WS2_32.dll
0x00007ffe55e60000 - 0x00007ffe55ead000 	C:\WINDOWS\SYSTEM32\POWRPROF.dll
0x00007ffe4eed0000 - 0x00007ffe4ef04000 	C:\WINDOWS\SYSTEM32\WINMM.dll
0x00007ffe4fcb0000 - 0x00007ffe4fcba000 	C:\WINDOWS\SYSTEM32\VERSION.dll
0x00007ffe55e40000 - 0x00007ffe55e53000 	C:\WINDOWS\SYSTEM32\UMPDC.dll
0x00007ffe560f0000 - 0x00007ffe56108000 	C:\WINDOWS\SYSTEM32\kernel.appcore.dll
0x00007ffde48a0000 - 0x00007ffde48aa000 	C:\Program Files\Java\Oracle_JDK-22\bin\jimage.dll
0x00007ffe54a30000 - 0x00007ffe54c62000 	C:\WINDOWS\SYSTEM32\DBGHELP.DLL
0x00007ffe57c70000 - 0x00007ffe57ffe000 	C:\WINDOWS\System32\combase.dll
0x00007ffe57b40000 - 0x00007ffe57c17000 	C:\WINDOWS\System32\OLEAUT32.dll
0x00007ffe324e0000 - 0x00007ffe32512000 	C:\WINDOWS\SYSTEM32\dbgcore.DLL
0x00007ffe57820000 - 0x00007ffe5789b000 	C:\WINDOWS\System32\bcryptPrimitives.dll
0x00007ffe41fb0000 - 0x00007ffe41fce000 	C:\Program Files\Java\Oracle_JDK-22\bin\java.dll
0x00007ffe58d20000 - 0x00007ffe59587000 	C:\WINDOWS\System32\SHELL32.dll
0x00007ffe58b70000 - 0x00007ffe58d15000 	C:\WINDOWS\System32\ole32.dll

dbghelp: loaded successfully - version: 4.0.5 - missing functions: none
symbol engine: initialized successfully - sym options: 0x614 - pdb path: .;C:\Program Files\Java\Oracle_JDK-22\bin;C:\WINDOWS\SYSTEM32;C:\WINDOWS\WinSxS\amd64_microsoft.windows.common-controls_6595b64144ccf1df_6.0.22621.3672_none_2713b9d173822955;C:\Program Files\Java\Oracle_JDK-22\bin\server

VM Arguments:
jvm_args: -XX:+ShowCodeDetailsInExceptionMessages 
java_command: practise
java_class_path (initial): C:\Users\Lenovo\AppData\Roaming\Code\User\workspaceStorage\83c1807537199cc304859d3cb05878cf\redhat.java\jdt_ws\Web dev_2b4e2e48\bin;c:\Users\Lenovo\OneDrive\Desktop\Web dev\lib\junit-platform-console-standalone-1.13.0-M3.jar
Launcher Type: SUN_STANDARD

[Global flags]
     intx CICompilerCount                          = 4                                         {product} {ergonomic}
     uint ConcGCThreads                            = 2                                         {product} {ergonomic}
     uint G1ConcRefinementThreads                  = 8                                         {product} {ergonomic}
   size_t G1HeapRegionSize                         = 2097152                                   {product} {ergonomic}
   size_t InitialHeapSize                          = 266338304                                 {product} {ergonomic}
   size_t MarkStackSize                            = 4194304                                   {product} {ergonomic}
   size_t MaxHeapSize                              = 4253024256                                {product} {ergonomic}
   size_t MinHeapDeltaBytes                        = 2097152                                   {product} {ergonomic}
   size_t MinHeapSize                              = 8388608                                   {product} {ergonomic}
    uintx NonNMethodCodeHeapSize                   = 5839372                                {pd product} {ergonomic}
    uintx NonProfiledCodeHeapSize                  = 122909434                              {pd product} {ergonomic}
    uintx ProfiledCodeHeapSize                     = 122909434                              {pd product} {ergonomic}
    uintx ReservedCodeCacheSize                    = 251658240                              {pd product} {ergonomic}
     bool SegmentedCodeCache                       = true                                      {product} {ergonomic}
     bool ShowCodeDetailsInExceptionMessages       = true                                   {manageable} {command line}
   size_t SoftMaxHeapSize                          = 4253024256                             {manageable} {ergonomic}
     bool UseCompressedOops                        = true                           {product lp64_product} {ergonomic}
     bool UseG1GC                                  = true                                      {product} {ergonomic}
     bool UseLargePagesIndividualAllocation        = false                                  {pd product} {ergonomic}

Logging:
Log output configuration:
 #0: stdout all=warning uptime,level,tags foldmultilines=false
 #1: stderr all=off uptime,level,tags foldmultilines=false

Environment Variables:
JAVA_HOME=C:\Program Files\Java\openjdk-11.0.0.2_windows-x64
PATH=C:\Python313\Scripts\;C:\Python313\;C:\Python312\Scripts\;C:\Python312\;C:\WINDOWS\system32;C:\WINDOWS;C:\WINDOWS\System32\Wbem;C:\WINDOWS\System32\WindowsPowerShell\v1.0\;C:\WINDOWS\System32\OpenSSH\;C:\Program Files\Intel\WiFi\bin\;C:\Program Files\Common Files\Intel\WirelessCommon\;C:\Program Files\dotnet\;C:\ProgramData\chocolatey\bin;C:\Program Files\Microsoft SQL Server\150\Tools\Binn\;C:\Program Files\Microsoft SQL Server\Client SDK\ODBC\170\Tools\Binn\;C:\Program Files\Git\cmd;C:\Program Files\Git\mingw64\bin;C:\Program Files\Git\usr\bin;C:\xamp\php;C:\Program Files\nodejs\;C:\Program Files\Java\openjdk-11.0.0.2_windows-x64\bin;C:\Users\Lenovo\AppData\Local\Microsoft\WindowsApps;C:\Users\Lenovo\AppData\Local\Programs\Microsoft VS Code\bin;C:\Users\Lenovo\AppData\Local\Microsoft\WinGet\Links;C:\Users\Lenovo\AppData\Local\GitHubDesktop\bin;C:\Users\Lenovo\.dotnet\tools;C:\Users\Lenovo\AppData\Roaming\npm
USERNAME=Lenovo
LANG=en_US.UTF-8
OS=Windows_NT
PROCESSOR_IDENTIFIER=Intel64 Family 6 Model 142 Stepping 10, GenuineIntel
TMP=C:\Users\Lenovo\AppData\Local\Temp
TEMP=C:\Users\Lenovo\AppData\Local\Temp




Periodic native trim disabled

---------------  S Y S T E M  ---------------

OS:
 Windows 11 , 64 bit Build 22621 (10.0.22621.3958)
OS uptime: 3 days 21:39 hours

CPU: total 8 (initial active 8) (4 cores per cpu, 2 threads per core) family 6 model 142 stepping 10 microcode 0xe0, cx8, cmov, fxsr, ht, mmx, 3dnowpref, sse, sse2, sse3, ssse3, sse4.1, sse4.2, popcnt, lzcnt, tsc, tscinvbit, avx, avx2, aes, erms, clmul, bmi1, bmi2, rtm, adx, fma, vzeroupper, clflush, clflushopt, rdtscp, f16c
Processor Information for all 8 processors :
  Max Mhz: 2112, Current Mhz: 1910, Mhz Limit: 1900

Memory: 4k page, system-wide physical 16221M (6931M free)
TotalPageFile size 35341M (AvailPageFile size 12M)
current process WorkingSet (physical memory assigned to process): 12M, peak: 12M
current process commit charge ("private bytes"): 61M, peak: 314M

vm_info: Java HotSpot(TM) 64-Bit Server VM (22.0.2+9-70) for windows-amd64 JRE (22.0.2+9-70), built on 2024-06-04T16:52:23Z by "mach5one" with MS VC++ 17.6 (VS2022)

END.
